c:\sol\mugames\source\main\source\global release\main.pch
c:\sol\mugames\source\main\source\global release\vc143.pdb
c:\sol\mugames\source\main\source\global release\stdafx.obj
c:\sol\mugames\source\main\source\global release\builder.obj
c:\sol\mugames\source\main\source\global release\cshadergl.obj
c:\sol\mugames\source\main\source\global release\charactermanager.obj
c:\sol\mugames\source\main\source\global release\charinfoballoonmng.obj
c:\sol\mugames\source\main\source\global release\charmakewin.obj
c:\sol\mugames\source\main\source\global release\gmnixieslake.obj
c:\sol\mugames\source\main\source\global release\dialoginfo.obj
c:\sol\mugames\source\main\source\global release\dsplaysound.obj
c:\sol\mugames\source\main\source\global release\filterinfo.obj
c:\sol\mugames\source\main\source\global release\gamecensorship.obj
c:\sol\mugames\source\main\source\global release\msgboxigscommon.obj
c:\sol\mugames\source\main\source\global release\msgboxigsusebuffconfirm.obj
c:\sol\mugames\source\main\source\global release\gm3rdchangeup.obj
c:\sol\mugames\source\main\source\global release\gmnewtown.obj
c:\sol\mugames\source\main\source\global release\gm_kanturu_2nd.obj
c:\sol\mugames\source\main\source\global release\luaeffectsnormal.obj
c:\sol\mugames\source\main\source\global release\luareg.obj
c:\sol\mugames\source\main\source\global release\memscript.obj
c:\sol\mugames\source\main\source\global release\mixmgr.obj
c:\sol\mugames\source\main\source\global release\newui3drendermng.obj
c:\sol\mugames\source\main\source\global release\newuibutton.obj
c:\sol\mugames\source\main\source\global release\newuicommonmessagebox.obj
c:\sol\mugames\source\main\source\global release\newuiitemexplanationwindow.obj
c:\sol\mugames\source\main\source\global release\newuiminimap.obj
c:\sol\mugames\source\main\source\global release\newuipartyinfowindow.obj
c:\sol\mugames\source\main\source\global release\newuisetitemexplanation.obj
c:\sol\mugames\source\main\source\global release\newuiwindowmenu.obj
c:\sol\mugames\source\main\source\global release\protocolsend.obj
c:\sol\mugames\source\main\source\global release\reconnect.obj
c:\sol\mugames\source\main\source\global release\uijewelharmony.obj
c:\sol\mugames\source\main\source\global release\debugangel.obj
c:\sol\mugames\source\main\source\global release\errorreport.obj
c:\sol\mugames\source\main\source\global release\wsctlc.obj
c:\sol\mugames\source\main\source\global release\w_buffscriptloader.obj
c:\sol\mugames\source\main\source\global release\w_petactionstand.obj
c:\sol\mugames\source\main\source\global release\zzzai.obj
c:\sol\mugames\source\main\source\global release\zzzeffectblurspark.obj
c:\sol\mugames\source\main\source\global release\zzzeffectnouse.obj
c:\sol\mugames\source\main\source\global release\zzzopendata.obj
c:\sol\mugames\source\main\source\global release\button.obj
c:\sol\mugames\source\main\source\global release\ccomgem.obj
c:\sol\mugames\source\main\source\global release\cschaoscastle.obj
c:\sol\mugames\source\main\source\global release\gmzonenars.obj
c:\sol\mugames\source\main\source\global release\customseteffect.obj
c:\sol\mugames\source\main\source\global release\callstackdmp.obj
c:\sol\mugames\source\main\source\global release\stdleaf.obj
c:\sol\mugames\source\main\source\global release\filternameinfo.obj
c:\sol\mugames\source\main\source\global release\httpconnecter.obj
c:\sol\mugames\source\main\source\global release\msgboxigsdeleteitemconfirm.obj
c:\sol\mugames\source\main\source\global release\wzresult.obj
c:\sol\mugames\source\main\source\global release\shopcategory.obj
c:\sol\mugames\source\main\source\global release\stringtoken.obj
c:\sol\mugames\source\main\source\global release\gmcryingwolf2nd.obj
c:\sol\mugames\source\main\source\global release\gmhellas.obj
c:\sol\mugames\source\main\source\global release\luacharacter.obj
c:\sol\mugames\source\main\source\global release\monstername.obj
c:\sol\mugames\source\main\source\global release\newbloodcastlesystem.obj
c:\sol\mugames\source\main\source\global release\newuicommon.obj
c:\sol\mugames\source\main\source\global release\newuiduelwatchmainframewindow.obj
c:\sol\mugames\source\main\source\global release\newuigateswitchwindow.obj
c:\sol\mugames\source\main\source\global release\newuihotkey.obj
c:\sol\mugames\source\main\source\global release\newuimessagebox.obj
c:\sol\mugames\source\main\source\global release\newuinamewindow.obj
c:\sol\mugames\source\main\source\global release\newuipurchaseshopinventory.obj
c:\sol\mugames\source\main\source\global release\newuisiegewarsoldier.obj
c:\sol\mugames\source\main\source\global release\physicsmanager.obj
c:\sol\mugames\source\main\source\global release\portalmgr.obj
c:\sol\mugames\source\main\source\global release\protocol.obj
c:\sol\mugames\source\main\source\global release\uiguildinfo.obj
c:\sol\mugames\source\main\source\global release\usefuldef.obj
c:\sol\mugames\source\main\source\global release\winex.obj
c:\sol\mugames\source\main\source\global release\w_basepet.obj
c:\sol\mugames\source\main\source\global release\w_bufftimecontrol.obj
c:\sol\mugames\source\main\source\global release\w_petactiondemon.obj
c:\sol\mugames\source\main\source\global release\w_petactionunicorn.obj
c:\sol\mugames\source\main\source\global release\zzzeffectsprite.obj
c:\sol\mugames\source\main\source\global release\autoclick.obj
c:\sol\mugames\source\main\source\global release\console.obj
c:\sol\mugames\source\main\source\global release\controller.obj
c:\sol\mugames\source\main\source\global release\customwing.obj
c:\sol\mugames\source\main\source\global release\event.obj
c:\sol\mugames\source\main\source\global release\msgboxigsstorageiteminfo.obj
c:\sol\mugames\source\main\source\global release\shoppackage.obj
c:\sol\mugames\source\main\source\global release\gipetmanager.obj
c:\sol\mugames\source\main\source\global release\goboid.obj
c:\sol\mugames\source\main\source\global release\luaopenfolder.obj
c:\sol\mugames\source\main\source\global release\luasocket.obj
c:\sol\mugames\source\main\source\global release\newuichaoscastletime.obj
c:\sol\mugames\source\main\source\global release\newuicursedtemplesystem.obj
c:\sol\mugames\source\main\source\global release\newuigatemanwindow.obj
c:\sol\mugames\source\main\source\global release\newuikanturuevent.obj
c:\sol\mugames\source\main\source\global release\newuimyquestinfowindow.obj
c:\sol\mugames\source\main\source\global release\newuipetinfowindow.obj
c:\sol\mugames\source\main\source\global release\newuisiegewarobserver.obj
c:\sol\mugames\source\main\source\global release\nprotocol.obj
c:\sol\mugames\source\main\source\global release\observer.obj
c:\sol\mugames\source\main\source\global release\packetmanager.obj
c:\sol\mugames\source\main\source\global release\partymanager.obj
c:\sol\mugames\source\main\source\global release\personalshoptitleimp.obj
c:\sol\mugames\source\main\source\global release\summonsystem.obj
c:\sol\mugames\source\main\source\global release\uiwindows.obj
c:\sol\mugames\source\main\source\global release\zzzlodterrain.obj
c:\sol\mugames\source\main\source\global release\camera3d.obj
c:\sol\mugames\source\main\source\global release\creditwin.obj
c:\sol\mugames\source\main\source\global release\dswaveio.obj
c:\sol\mugames\source\main\source\global release\duelmgr.obj
c:\sol\mugames\source\main\source\global release\newuiingameshop.obj
c:\sol\mugames\source\main\source\global release\gmunitedmarketplace.obj
c:\sol\mugames\source\main\source\global release\gm_pk_field.obj
c:\sol\mugames\source\main\source\global release\helpersystem.obj
c:\sol\mugames\source\main\source\global release\itemmanager.obj
c:\sol\mugames\source\main\source\global release\itemsize.obj
c:\sol\mugames\source\main\source\global release\local.obj
c:\sol\mugames\source\main\source\global release\loginmainwin.obj
c:\sol\mugames\source\main\source\global release\monksystem.obj
c:\sol\mugames\source\main\source\global release\monstereffect.obj
c:\sol\mugames\source\main\source\global release\movecommanddata.obj
c:\sol\mugames\source\main\source\global release\moviescene.obj
c:\sol\mugames\source\main\source\global release\multilanguage.obj
c:\sol\mugames\source\main\source\global release\newchaoscastlesystem.obj
c:\sol\mugames\source\main\source\global release\newuicrywolf.obj
c:\sol\mugames\source\main\source\global release\newuiempireguardiantimer.obj
c:\sol\mugames\source\main\source\global release\newuigoldbowmanwindow.obj
c:\sol\mugames\source\main\source\global release\newuiitemmng.obj
c:\sol\mugames\source\main\source\global release\newuiluckyitemwnd.obj
c:\sol\mugames\source\main\source\global release\newuimainframewindow.obj
c:\sol\mugames\source\main\source\global release\newuinpcshop.obj
c:\sol\mugames\source\main\source\global release\newuiregistrationluckycoin.obj
c:\sol\mugames\source\main\source\global release\newuitrade.obj
c:\sol\mugames\source\main\source\global release\sysmenuwin.obj
c:\sol\mugames\source\main\source\global release\uisenatus.obj
c:\sol\mugames\source\main\source\global release\w_objectinfo.obj
c:\sol\mugames\source\main\source\global release\w_petactioncollecter_add.obj
c:\sol\mugames\source\main\source\global release\zzzeffectjoint.obj
c:\sol\mugames\source\main\source\global release\invasioninfo.obj
c:\sol\mugames\source\main\source\global release\charselmainwin.obj
c:\sol\mugames\source\main\source\global release\csquest.obj
c:\sol\mugames\source\main\source\global release\evententrylevel.obj
c:\sol\mugames\source\main\source\global release\xstreambuf.obj
c:\sol\mugames\source\main\source\global release\filedownloader.obj
c:\sol\mugames\source\main\source\global release\msgboxigsgiftstorageiteminfo.obj
c:\sol\mugames\source\main\source\global release\bannerinfo.obj
c:\sol\mugames\source\main\source\global release\shopproductlist.obj
c:\sol\mugames\source\main\source\global release\gmdoppelganger1.obj
c:\sol\mugames\source\main\source\global release\guildcache.obj
c:\sol\mugames\source\main\source\global release\loaddata.obj
c:\sol\mugames\source\main\source\global release\luadecrypt.obj
c:\sol\mugames\source\main\source\global release\luaeffects.obj
c:\sol\mugames\source\main\source\global release\luaitemobject.obj
c:\sol\mugames\source\main\source\global release\luareload.obj
c:\sol\mugames\source\main\source\global release\newuibloodcastletime.obj
c:\sol\mugames\source\main\source\global release\newuicursedtempleenter.obj
c:\sol\mugames\source\main\source\global release\newuiempireguardiannpc.obj
c:\sol\mugames\source\main\source\global release\newuiguardwindow.obj
c:\sol\mugames\source\main\source\global release\newuimacrosub.obj
c:\sol\mugames\source\main\source\global release\newuimyshopinventory.obj
c:\sol\mugames\source\main\source\global release\newuirankingtop.obj
c:\sol\mugames\source\main\source\global release\newuiunitedmarketplacewindow.obj
c:\sol\mugames\source\main\source\global release\protectsyskey.obj
c:\sol\mugames\source\main\source\global release\questinfo.obj
c:\sol\mugames\source\main\source\global release\rendermodel.obj
c:\sol\mugames\source\main\source\global release\serverinfo.obj
c:\sol\mugames\source\main\source\global release\serverlistmanager.obj
c:\sol\mugames\source\main\source\global release\slideinfo.obj
c:\sol\mugames\source\main\source\global release\smd.obj
c:\sol\mugames\source\main\source\global release\testeventmap.obj
c:\sol\mugames\source\main\source\global release\ctimcheck.obj
c:\sol\mugames\source\main\source\global release\uiguardsman.obj
c:\sol\mugames\source\main\source\global release\uipopup.obj
c:\sol\mugames\source\main\source\global release\w_buff.obj
c:\sol\mugames\source\main\source\global release\w_petactioncollecter.obj
c:\sol\mugames\source\main\source\global release\zzzeffectpointer.obj
c:\sol\mugames\source\main\source\global release\zzzopenglutil.obj
c:\sol\mugames\source\main\source\global release\bonemanager.obj
c:\sol\mugames\source\main\source\global release\muhelpercontrols.obj
c:\sol\mugames\source\main\source\global release\chaosgenesis.obj
c:\sol\mugames\source\main\source\global release\customcape.obj
c:\sol\mugames\source\main\source\global release\gmacheron.obj
c:\sol\mugames\source\main\source\global release\gmurukmountain.obj
c:\sol\mugames\source\main\source\global release\customjewel.obj
c:\sol\mugames\source\main\source\global release\msgboxigsuseitemconfirm.obj
c:\sol\mugames\source\main\source\global release\gmempireguardian2.obj
c:\sol\mugames\source\main\source\global release\gmhuntingground.obj
c:\sol\mugames\source\main\source\global release\hackcheck.obj
c:\sol\mugames\source\main\source\global release\interfaces.obj
c:\sol\mugames\source\main\source\global release\luaobject.obj
c:\sol\mugames\source\main\source\global release\luauser.obj
c:\sol\mugames\source\main\source\global release\zzzmathlib.obj
c:\sol\mugames\source\main\source\global release\minimap.obj
c:\sol\mugames\source\main\source\global release\newuibuffwindow.obj
c:\sol\mugames\source\main\source\global release\newuicommandwindow.obj
c:\sol\mugames\source\main\source\global release\newuiduelwindow.obj
c:\sol\mugames\source\main\source\global release\newuienterdevilsquare.obj
c:\sol\mugames\source\main\source\global release\newuiguildinfowindow.obj
c:\sol\mugames\source\main\source\global release\newuimacromain.obj
c:\sol\mugames\source\main\source\global release\newuioptionwindow.obj
c:\sol\mugames\source\main\source\global release\newuisiegewarbase.obj
c:\sol\mugames\source\main\source\global release\npccatapult.obj
c:\sol\mugames\source\main\source\global release\npcgateswitch.obj
c:\sol\mugames\source\main\source\global release\serverselwin.obj
c:\sol\mugames\source\main\source\global release\uimanager.obj
c:\sol\mugames\source\main\source\global release\w_buffstatevaluecontrol.obj
c:\sol\mugames\source\main\source\global release\w_petactionround.obj
c:\sol\mugames\source\main\source\global release\w_petprocess.obj
c:\sol\mugames\source\main\source\global release\zzzeffectfireleave.obj
c:\sol\mugames\source\main\source\global release\zzzeffectpoint.obj
c:\sol\mugames\source\main\source\global release\zzzmixinvetory.obj
c:\sol\mugames\source\main\source\global release\new_renderbmd.obj
c:\sol\mugames\source\main\source\global release\coreglcompat.obj
c:\sol\mugames\source\main\source\global release\cmvp1stdirection.obj
c:\sol\mugames\source\main\source\global release\csparts.obj
c:\sol\mugames\source\main\source\global release\gmdeventer.obj
c:\sol\mugames\source\main\source\global release\customeffects.obj
c:\sol\mugames\source\main\source\global release\descriptions.obj
c:\sol\mugames\source\main\source\global release\msgboxigssendgiftconfirm.obj
c:\sol\mugames\source\main\source\global release\shopcategorylist.obj
c:\sol\mugames\source\main\source\global release\gaugebar.obj
c:\sol\mugames\source\main\source\global release\globaltext.obj
c:\sol\mugames\source\main\source\global release\gmdoppelganger3.obj
c:\sol\mugames\source\main\source\global release\gmdoppelganger4.obj
c:\sol\mugames\source\main\source\global release\gmempireguardian3.obj
c:\sol\mugames\source\main\source\global release\gmswampofquiet.obj
c:\sol\mugames\source\main\source\global release\gm_raklion.obj
c:\sol\mugames\source\main\source\global release\itemaddoptioninfo.obj
c:\sol\mugames\source\main\source\global release\matchevent.obj
c:\sol\mugames\source\main\source\global release\monsters.obj
c:\sol\mugames\source\main\source\global release\newuibattlesoccerscore.obj
c:\sol\mugames\source\main\source\global release\newuicharacterinfowindow.obj
c:\sol\mugames\source\main\source\global release\newuidoppelgangerwindow.obj
c:\sol\mugames\source\main\source\global release\newuigroup.obj
c:\sol\mugames\source\main\source\global release\newuiguildmakewindow.obj
c:\sol\mugames\source\main\source\global release\newuimacrogaugebar.obj
c:\sol\mugames\source\main\source\global release\newuinpcdialogue.obj
c:\sol\mugames\source\main\source\global release\newuiquestprogressbyetc.obj
c:\sol\mugames\source\main\source\global release\newuislidewindow.obj
c:\sol\mugames\source\main\source\global release\npcbreeder.obj
c:\sol\mugames\source\main\source\global release\servergroup.obj
c:\sol\mugames\source\main\source\global release\servermsgwin.obj
c:\sol\mugames\source\main\source\global release\sprite.obj
c:\sol\mugames\source\main\source\global release\texturescript.obj
c:\sol\mugames\source\main\source\global release\uicontrols.obj
c:\sol\mugames\source\main\source\global release\zzzeffectmagicskill.obj
c:\sol\mugames\source\main\source\global release\zzzinfomation.obj
c:\sol\mugames\source\main\source\global release\blackwin.obj
c:\sol\mugames\source\main\source\global release\muhelperprotocol.obj
c:\sol\mugames\source\main\source\global release\ckanturudirection.obj
c:\sol\mugames\source\main\source\global release\csmapserver.obj
c:\sol\mugames\source\main\source\global release\peimage.obj
c:\sol\mugames\source\main\source\global release\msgboxigsbuyconfirm.obj
c:\sol\mugames\source\main\source\global release\bannerinfolist.obj
c:\sol\mugames\source\main\source\global release\stringmethod.obj
c:\sol\mugames\source\main\source\global release\gmcrywolf1st.obj
c:\sol\mugames\source\main\source\global release\guildmanager.obj
c:\sol\mugames\source\main\source\global release\loginwin.obj
c:\sol\mugames\source\main\source\global release\monsterhpbar.obj
c:\sol\mugames\source\main\source\global release\newuichatinputbox.obj
c:\sol\mugames\source\main\source\global release\newuiduelwatchwindow.obj
c:\sol\mugames\source\main\source\global release\newuigoldbowmanlena.obj
c:\sol\mugames\source\main\source\global release\newuiheropositioninfo.obj
c:\sol\mugames\source\main\source\global release\newuimasterlevel.obj
c:\sol\mugames\source\main\source\global release\newuipcpoint.obj
c:\sol\mugames\source\main\source\global release\newuirendernumber.obj
c:\sol\mugames\source\main\source\global release\newuiscrollbar.obj
c:\sol\mugames\source\main\source\global release\newuisiegewarcommander.obj
c:\sol\mugames\source\main\source\global release\optionwin.obj
c:\sol\mugames\source\main\source\global release\shadowvolume.obj
c:\sol\mugames\source\main\source\global release\skilleffectmgr.obj
c:\sol\mugames\source\main\source\global release\smd2bmd.obj
c:\sol\mugames\source\main\source\global release\timer.obj
c:\sol\mugames\source\main\source\global release\uidefaultbase.obj
c:\sol\mugames\source\main\source\global release\uigatekeeper.obj
c:\sol\mugames\source\main\source\global release\ingameupdater.obj
c:\sol\mugames\source\main\source\global release\zzzbmd.obj
c:\sol\mugames\source\main\source\global release\zzzpath.obj
c:\sol\mugames\source\main\source\global release\zzztexture.obj
c:\sol\mugames\source\main\source\global release\_globalfunctions.obj
c:\sol\mugames\source\main\source\global release\bufficon.obj
c:\sol\mugames\source\main\source\global release\cuilistbox.obj
c:\sol\mugames\source\main\source\global release\changeringmanager.obj
c:\sol\mugames\source\main\source\global release\chaosmix.obj
c:\sol\mugames\source\main\source\global release\cspetsystem.obj
c:\sol\mugames\source\main\source\global release\msgboxigsbuypackageitem.obj
c:\sol\mugames\source\main\source\global release\bannerlistmanager.obj
c:\sol\mugames\source\main\source\global release\shoplist.obj
c:\sol\mugames\source\main\source\global release\gmdoppelganger2.obj
c:\sol\mugames\source\main\source\global release\gmempireguardian1.obj
c:\sol\mugames\source\main\source\global release\gmkarutan1.obj
c:\sol\mugames\source\main\source\global release\gmsantatown.obj
c:\sol\mugames\source\main\source\global release\gm_kanturu_3rd.obj
c:\sol\mugames\source\main\source\global release\itembank.obj
c:\sol\mugames\source\main\source\global release\lualoadimage.obj
c:\sol\mugames\source\main\source\global release\mapmanager.obj
c:\sol\mugames\source\main\source\global release\newuicastlewindow.obj
c:\sol\mugames\source\main\source\global release\newuidoppelgangerframe.obj
c:\sol\mugames\source\main\source\global release\newuifriendwindow.obj
c:\sol\mugames\source\main\source\global release\newuihelpwindow.obj
c:\sol\mugames\source\main\source\global release\newuimanager.obj
c:\sol\mugames\source\main\source\global release\newuinpcquest.obj
c:\sol\mugames\source\main\source\global release\newuiquestprogress.obj
c:\sol\mugames\source\main\source\global release\newuistorageinventory.obj
c:\sol\mugames\source\main\source\global release\skillmanager.obj
c:\sol\mugames\source\main\source\global release\socketsystem.obj
c:\sol\mugames\source\main\source\global release\uiguildmaster.obj
c:\sol\mugames\source\main\source\global release\windowsconsole.obj
c:\sol\mugames\source\main\source\global release\widescreen.obj
c:\sol\mugames\source\main\source\global release\win.obj
c:\sol\mugames\source\main\source\global release\winmain.obj
c:\sol\mugames\source\main\source\global release\zzzobject.obj
c:\sol\mugames\source\main\source\global release\new_modelbmd.obj
c:\sol\mugames\source\main\source\global release\charinfoballoon.obj
c:\sol\mugames\source\main\source\global release\creditinfo.obj
c:\sol\mugames\source\main\source\global release\criticalsection.obj
c:\sol\mugames\source\main\source\global release\cseventmatch.obj
c:\sol\mugames\source\main\source\global release\explanationinfo.obj
c:\sol\mugames\source\main\source\global release\checkintegrity.obj
c:\sol\mugames\source\main\source\global release\xortrans.obj
c:\sol\mugames\source\main\source\global release\gamblesystem.obj
c:\sol\mugames\source\main\source\global release\ingameshopsystem.obj
c:\sol\mugames\source\main\source\global release\listmanager.obj
c:\sol\mugames\source\main\source\global release\shopproduct.obj
c:\sol\mugames\source\main\source\global release\gmaida.obj
c:\sol\mugames\source\main\source\global release\helpermanager.obj
c:\sol\mugames\source\main\source\global release\input.obj
c:\sol\mugames\source\main\source\global release\lua.obj
c:\sol\mugames\source\main\source\global release\luacloth.obj
c:\sol\mugames\source\main\source\global release\luainterface.obj
c:\sol\mugames\source\main\source\global release\newoptions.obj
c:\sol\mugames\source\main\source\global release\newuicatapultwindow.obj
c:\sol\mugames\source\main\source\global release\newuicustommessagebox.obj
c:\sol\mugames\source\main\source\global release\newuimovecommandwindow.obj
c:\sol\mugames\source\main\source\global release\newuipartylistwindow.obj
c:\sol\mugames\source\main\source\global release\newuiseigewarfare.obj
c:\sol\mugames\source\main\source\global release\newuitextbox.obj
c:\sol\mugames\source\main\source\global release\plist.obj
c:\sol\mugames\source\main\source\global release\preview.obj
c:\sol\mugames\source\main\source\global release\protect.obj
c:\sol\mugames\source\main\source\global release\questmng.obj
c:\sol\mugames\source\main\source\global release\uimapname.obj
c:\sol\mugames\source\main\source\global release\w_characterinfo.obj
c:\sol\mugames\source\main\source\global release\w_mapprocess.obj
c:\sol\mugames\source\main\source\global release\xboxinput.obj
c:\sol\mugames\source\main\source\global release\mucrypto.obj
c:\sol\mugames\source\main\source\global release\zzzeffectparticle.obj
c:\sol\mugames\source\main\source\global release\caicontroller.obj
c:\sol\mugames\source\main\source\global release\cswaterterrain.obj
c:\sol\mugames\source\main\source\global release\customworld.obj
c:\sol\mugames\source\main\source\global release\gmferea.obj
c:\sol\mugames\source\main\source\global release\disableexcellent.obj
c:\sol\mugames\source\main\source\global release\exceptionhandler.obj
c:\sol\mugames\source\main\source\global release\downloadinfo.obj
c:\sol\mugames\source\main\source\global release\msgboxigssendgift.obj
c:\sol\mugames\source\main\source\global release\path.obj
c:\sol\mugames\source\main\source\global release\shoppackagelist.obj
c:\sol\mugames\source\main\source\global release\gmbattlecastle.obj
c:\sol\mugames\source\main\source\global release\helperview.obj
c:\sol\mugames\source\main\source\global release\itemposition.obj
c:\sol\mugames\source\main\source\global release\keygenerater.obj
c:\sol\mugames\source\main\source\global release\loadingscene.obj
c:\sol\mugames\source\main\source\global release\luabmd.obj
c:\sol\mugames\source\main\source\global release\luaglobal.obj
c:\sol\mugames\source\main\source\global release\newuibloodcastleenter.obj
c:\sol\mugames\source\main\source\global release\newuicursedtempleresult.obj
c:\sol\mugames\source\main\source\global release\newuiexchangeluckycoin.obj
c:\sol\mugames\source\main\source\global release\newuiitemenduranceinfo.obj
c:\sol\mugames\source\main\source\global release\newuimyinventory.obj
c:\sol\mugames\source\main\source\global release\mu_opengl.obj
c:\sol\mugames\source\main\source\global release\cameramove.obj
c:\sol\mugames\source\main\source\global release\cbtmessagebox.obj
c:\sol\mugames\source\main\source\global release\ccrc32.obj
c:\sol\mugames\source\main\source\global release\cdirection.obj
c:\sol\mugames\source\main\source\global release\csitemoption.obj
c:\sol\mugames\source\main\source\global release\html_log.obj
c:\sol\mugames\source\main\source\global release\sysinfo.obj
c:\sol\mugames\source\main\source\global release\ftpconnecter.obj
c:\sol\mugames\source\main\source\global release\msgboxigsbuyselectitem.obj
c:\sol\mugames\source\main\source\global release\ftpfiledownloader.obj
c:\sol\mugames\source\main\source\global release\shoplistmanager.obj
c:\sol\mugames\source\main\source\global release\globalbitmap.obj
c:\sol\mugames\source\main\source\global release\gmduelarena.obj
c:\sol\mugames\source\main\source\global release\gmempireguardian4.obj
c:\sol\mugames\source\main\source\global release\gm_kanturu_1st.obj
c:\sol\mugames\source\main\source\global release\iteminfo.obj
c:\sol\mugames\source\main\source\global release\itemmove.obj
c:\sol\mugames\source\main\source\global release\monsterglow.obj
c:\sol\mugames\source\main\source\global release\movereqinfo.obj
c:\sol\mugames\source\main\source\global release\movewindow.obj
c:\sol\mugames\source\main\source\global release\msgwin.obj
c:\sol\mugames\source\main\source\global release\newuichatlogwindow.obj
c:\sol\mugames\source\main\source\global release\newuiduelwatchuserlistwindow.obj
c:\sol\mugames\source\main\source\global release\newuigensranking.obj
c:\sol\mugames\source\main\source\global release\newuiinventoryctrl.obj
c:\sol\mugames\source\main\source\global release\newuimixinventory.obj
c:\sol\mugames\source\main\source\global release\newuiquickcommandwindow.obj
c:\sol\mugames\source\main\source\global release\newuisystem.obj
c:\sol\mugames\source\main\source\global release\servername.obj
c:\sol\mugames\source\main\source\global release\sidehair.obj
c:\sol\mugames\source\main\source\global release\skillinfo.obj
c:\sol\mugames\source\main\source\global release\slider.obj
c:\sol\mugames\source\main\source\global release\steady_clock.obj
c:\sol\mugames\source\main\source\global release\uimng.obj
c:\sol\mugames\source\main\source\global release\muconsoledebug.obj
c:\sol\mugames\source\main\source\global release\memorylock.obj
c:\sol\mugames\source\main\source\global release\videotexturemf.obj
c:\sol\mugames\source\main\source\global release\w_buffstatesystem.obj
c:\sol\mugames\source\main\source\global release\w_cursedtemple.obj
c:\sol\mugames\source\main\source\global release\zzzcharacter.obj
c:\sol\mugames\source\main\source\global release\mhpintegration.obj
c:\sol\mugames\source\main\source\global release\miniz.obj
c:\sol\mugames\source\main\source\global release\zzzscene.obj
c:\sol\mugames\source\main\source\global release\zzzeffect.obj
c:\sol\mugames\source\main\source\global release\zzzinventory.obj
c:\sol\mugames\source\main\source\global release\zzzinterface.obj
c:\sol\mugames\source\main\source\global release\wsclient.obj
c:\sol\mugames\source\main\global release\main.exe
c:\sol\mugames\source\main\global release\main
c:\sol\mugames\source\main\global release\main.pdb
c:\sol\mugames\source\main\source\global release\resource.res
c:\sol\mugames\source\main\global release\main.lib
c:\sol\mugames\source\main\global release\main.exp
c:\sol\mugames\source\main\source\global release\main.vcxproj.filelistabsolute.txt
c:\sol\mugames\source\main\source\global release\main.tlog\cl.command.1.tlog
c:\sol\mugames\source\main\source\global release\main.tlog\cl.items.tlog
c:\sol\mugames\source\main\source\global release\main.tlog\cl.read.1.tlog
c:\sol\mugames\source\main\source\global release\main.tlog\cl.write.1.tlog
c:\sol\mugames\source\main\source\global release\main.tlog\link.command.1.tlog
c:\sol\mugames\source\main\source\global release\main.tlog\link.read.1.tlog
c:\sol\mugames\source\main\source\global release\main.tlog\link.secondary.1.tlog
c:\sol\mugames\source\main\source\global release\main.tlog\link.write.1.tlog
c:\sol\mugames\source\main\source\global release\main.tlog\main.write.1u.tlog
c:\sol\mugames\source\main\source\global release\main.tlog\rc.command.1.tlog
c:\sol\mugames\source\main\source\global release\main.tlog\rc.read.1.tlog
c:\sol\mugames\source\main\source\global release\main.tlog\rc.write.1.tlog
